C:\Users\superman\Desktop\MattAndZack\SpaceInvadersHW\implementation\system.ngc 1478193009
C:/Users/superman/Desktop/MattAndZack/SpaceInvadersHW/implementation/push_buttons_5bits_wrapper.ngc 1478192956
C:/Users/superman/Desktop/MattAndZack/SpaceInvadersHW/implementation/rs232_uart_1_wrapper.ngc 1478192956
C:/Users/superman/Desktop/MattAndZack/SpaceInvadersHW/implementation/proc_sys_reset_0_wrapper.ngc 1478192956
C:/Users/superman/Desktop/MattAndZack/SpaceInvadersHW/implementation/clock_generator_0_wrapper.ngc 1478192985
C:/Users/superman/Desktop/MattAndZack/SpaceInvadersHW/implementation/axi_hdmi_0_wrapper.ngc 1478192956
C:/Users/superman/Desktop/MattAndZack/SpaceInvadersHW/implementation/axi_ac97_0_wrapper.ngc 1478192973
C:/Users/superman/Desktop/MattAndZack/SpaceInvadersHW/implementation/microblaze_0_ilmb_wrapper.ngc 1478192956
C:/Users/superman/Desktop/MattAndZack/SpaceInvadersHW/implementation/microblaze_0_dlmb_wrapper.ngc 1478192956
C:/Users/superman/Desktop/MattAndZack/SpaceInvadersHW/implementation/mcb_ddr2_wrapper.ngc 1478192956
C:/Users/superman/Desktop/MattAndZack/SpaceInvadersHW/implementation/axi4lite_0_wrapper.ngc 1478192956
C:/Users/superman/Desktop/MattAndZack/SpaceInvadersHW/implementation/axi4_0_wrapper.ngc 1478192956
C:/Users/superman/Desktop/MattAndZack/SpaceInvadersHW/implementation/microblaze_0_wrapper.ngc 1478192956
C:/Users/superman/Desktop/MattAndZack/SpaceInvadersHW/implementation/axi_vdma_0_wrapper.ngc 1478192956
C:/Users/superman/Desktop/MattAndZack/SpaceInvadersHW/implementation/axi_intc_0_wrapper.ngc 1478192956
C:/Users/superman/Desktop/MattAndZack/SpaceInvadersHW/implementation/microblaze_0_i_bram_ctrl_wrapper.ngc 1478192956
C:/Users/superman/Desktop/MattAndZack/SpaceInvadersHW/implementation/microblaze_0_d_bram_ctrl_wrapper.ngc 1478192956
C:/Users/superman/Desktop/MattAndZack/SpaceInvadersHW/implementation/debug_module_wrapper.ngc 1478192956
C:/Users/superman/Desktop/MattAndZack/SpaceInvadersHW/implementation/digilent_quadspi_cntlr_wrapper.ngc 1478192956
C:/Users/superman/Desktop/MattAndZack/SpaceInvadersHW/implementation/axi_timer_0_wrapper.ngc 1478192956
C:/Users/superman/Desktop/MattAndZack/SpaceInvadersHW/implementation/fit_timer_0_wrapper.ngc 1478192956
C:/Users/superman/Desktop/MattAndZack/SpaceInvadersHW/implementation/pit_0_wrapper.ngc 1478192982
C:/Users/superman/Desktop/MattAndZack/SpaceInvadersHW/implementation/microblaze_0_bram_block_wrapper.ngc 1478192956
C:/Users/superman/Desktop/MattAndZack/SpaceInvadersHW/implementation/fit_timer_1_wrapper.ngc 1478192956
OK
