E:\427\Lab7\HardWare\implementation\system.ngc 1479242760
E:/427/Lab7/HardWare/implementation/push_buttons_5bits_wrapper.ngc 1479242660
E:/427/Lab7/HardWare/implementation/rs232_uart_1_wrapper.ngc 1479242660
E:/427/Lab7/HardWare/implementation/proc_sys_reset_0_wrapper.ngc 1479242658
E:/427/Lab7/HardWare/implementation/clock_generator_0_wrapper.ngc 1479242728
E:/427/Lab7/HardWare/implementation/axi_hdmi_0_wrapper.ngc 1479242660
E:/427/Lab7/HardWare/implementation/axi_ac97_0_wrapper.ngc 1479242710
E:/427/Lab7/HardWare/implementation/nes_controller_0_wrapper.ngc 1479242722
E:/427/Lab7/HardWare/implementation/microblaze_0_ilmb_wrapper.ngc 1479242658
E:/427/Lab7/HardWare/implementation/microblaze_0_dlmb_wrapper.ngc 1479242658
E:/427/Lab7/HardWare/implementation/mcb_ddr2_wrapper.ngc 1479242660
E:/427/Lab7/HardWare/implementation/axi4lite_0_wrapper.ngc 1479242660
E:/427/Lab7/HardWare/implementation/axi4_0_wrapper.ngc 1479242660
E:/427/Lab7/HardWare/implementation/microblaze_0_wrapper.ngc 1479242658
E:/427/Lab7/HardWare/implementation/axi_vdma_0_wrapper.ngc 1479242660
E:/427/Lab7/HardWare/implementation/axi_intc_0_wrapper.ngc 1479242660
E:/427/Lab7/HardWare/implementation/microblaze_0_i_bram_ctrl_wrapper.ngc 1479242658
E:/427/Lab7/HardWare/implementation/microblaze_0_d_bram_ctrl_wrapper.ngc 1479242658
E:/427/Lab7/HardWare/implementation/debug_module_wrapper.ngc 1479242658
E:/427/Lab7/HardWare/implementation/pit_0_wrapper.ngc 1479242686
E:/427/Lab7/HardWare/implementation/fit_timer_0_wrapper.ngc 1479242658
E:/427/Lab7/HardWare/implementation/axi_timer_0_wrapper.ngc 1479242660
E:/427/Lab7/HardWare/implementation/microblaze_0_bram_block_wrapper.ngc 1479242658
E:/427/Lab7/HardWare/implementation/fit_timer_1_wrapper.ngc 1479242658
OK
