
**** Build of configuration Debug for project hello_world_0 ****

make all 
Building file: ../src/dmaDriver.c
Invoking: MicroBlaze gcc compiler
mb-gcc -Wall -O0 -g3 -c -fmessage-length=0 -I../../hello_world_bsp_0/microblaze_0/include -mlittle-endian -mxl-barrel-shift -mxl-pattern-compare -mcpu=v8.20.b -mno-xl-soft-mul -MMD -MP -MF"src/dmaDriver.d" -MT"src/dmaDriver.d" -o"src/dmaDriver.o" "../src/dmaDriver.c"
Finished building: ../src/dmaDriver.c
' '
Building file: ../src/main.c
Invoking: MicroBlaze gcc compiler
mb-gcc -Wall -O0 -g3 -c -fmessage-length=0 -I../../hello_world_bsp_0/microblaze_0/include -mlittle-endian -mxl-barrel-shift -mxl-pattern-compare -mcpu=v8.20.b -mno-xl-soft-mul -MMD -MP -MF"src/main.d" -MT"src/main.d" -o"src/main.o" "../src/main.c"
../src/main.c:77: warning: initialization makes pointer from integer without a cast
../src/main.c:78: warning: initialization makes pointer from integer without a cast
Finished building: ../src/main.c
' '
Building target: hello_world_0.elf
Invoking: MicroBlaze gcc linker
mb-gcc -Wl,-T -Wl,../src/lscript.ld -L../../hello_world_bsp_0/microblaze_0/lib -mlittle-endian -mxl-barrel-shift -mxl-pattern-compare -mcpu=v8.20.b -mno-xl-soft-mul -o"hello_world_0.elf"  ./src/aliens.o ./src/dma.o ./src/dmaDriver.o ./src/main.o ./src/march1.o ./src/march2.o ./src/march3.o ./src/march4.o ./src/marching.o ./src/nes.o ./src/platform.o ./src/saucerExplode.o ./src/saucerFly1.o ./src/saucerFly2.o ./src/saucerFlying.o ./src/scoreBoard.o ./src/screenState.o ./src/sounds.o ./src/tankExplode.o ./src/tankFire.o ./src/thePITS.o ./src/xac97_l.o   -Wl,--start-group,-lxil,-lgcc,-lc,--end-group
Finished building target: hello_world_0.elf
' '
Invoking: MicroBlaze Print Size
mb-size hello_world_0.elf  |tee "hello_world_0.elf.size"
   text	   data	    bss	    dec	    hex	filename
  58912	  52440	  10768	 122120	  1dd08	hello_world_0.elf
Finished building: hello_world_0.elf.size
' '
Invoking: Xilinx ELF Check
elfcheck hello_world_0.elf -hw ../../HardWare_hw_platform/system.xml -pe microblaze_0  |tee "hello_world_0.elf.elfcheck"
elfcheck
Xilinx EDK 13.4 Build EDK_O.87xd
Copyright (c) 1995-2011 Xilinx, Inc.  All rights reserved.

Command Line: elfcheck -hw ../../HardWare_hw_platform/system.xml -pe
microblaze_0 hello_world_0.elf 

ELF file	: hello_world_0.elf
elfcheck passed.
Finished building: hello_world_0.elf.elfcheck
' '
